Archive member included to satisfy reference by file (symbol)

c:/st/stm32cubeide_1.7.0/stm32cubeide/plugins/com.st.stm32cube.ide.mcu.externaltools.gnu-tools-for-stm32.9-2020-q2-update.win32_2.0.0.202105311346/tools/bin/../lib/gcc/arm-none-eabi/9.3.1/../../../../arm-none-eabi/lib/thumb/v7e-m+fp/hard\libc_nano.a(lib_a-errno.o)
                              ./Src/syscalls.o (__errno)
c:/st/stm32cubeide_1.7.0/stm32cubeide/plugins/com.st.stm32cube.ide.mcu.externaltools.gnu-tools-for-stm32.9-2020-q2-update.win32_2.0.0.202105311346/tools/bin/../lib/gcc/arm-none-eabi/9.3.1/../../../../arm-none-eabi/lib/thumb/v7e-m+fp/hard\libc_nano.a(lib_a-exit.o)
                              c:/st/stm32cubeide_1.7.0/stm32cubeide/plugins/com.st.stm32cube.ide.mcu.externaltools.gnu-tools-for-stm32.9-2020-q2-update.win32_2.0.0.202105311346/tools/bin/../lib/gcc/arm-none-eabi/9.3.1/../../../../arm-none-eabi/lib/thumb/v7e-m+fp/hard/crt0.o (exit)
c:/st/stm32cubeide_1.7.0/stm32cubeide/plugins/com.st.stm32cube.ide.mcu.externaltools.gnu-tools-for-stm32.9-2020-q2-update.win32_2.0.0.202105311346/tools/bin/../lib/gcc/arm-none-eabi/9.3.1/../../../../arm-none-eabi/lib/thumb/v7e-m+fp/hard\libc_nano.a(lib_a-impure.o)
                              c:/st/stm32cubeide_1.7.0/stm32cubeide/plugins/com.st.stm32cube.ide.mcu.externaltools.gnu-tools-for-stm32.9-2020-q2-update.win32_2.0.0.202105311346/tools/bin/../lib/gcc/arm-none-eabi/9.3.1/../../../../arm-none-eabi/lib/thumb/v7e-m+fp/hard\libc_nano.a(lib_a-exit.o) (_global_impure_ptr)
c:/st/stm32cubeide_1.7.0/stm32cubeide/plugins/com.st.stm32cube.ide.mcu.externaltools.gnu-tools-for-stm32.9-2020-q2-update.win32_2.0.0.202105311346/tools/bin/../lib/gcc/arm-none-eabi/9.3.1/../../../../arm-none-eabi/lib/thumb/v7e-m+fp/hard\libc_nano.a(lib_a-init.o)
                              c:/st/stm32cubeide_1.7.0/stm32cubeide/plugins/com.st.stm32cube.ide.mcu.externaltools.gnu-tools-for-stm32.9-2020-q2-update.win32_2.0.0.202105311346/tools/bin/../lib/gcc/arm-none-eabi/9.3.1/../../../../arm-none-eabi/lib/thumb/v7e-m+fp/hard/crt0.o (__libc_init_array)
c:/st/stm32cubeide_1.7.0/stm32cubeide/plugins/com.st.stm32cube.ide.mcu.externaltools.gnu-tools-for-stm32.9-2020-q2-update.win32_2.0.0.202105311346/tools/bin/../lib/gcc/arm-none-eabi/9.3.1/../../../../arm-none-eabi/lib/thumb/v7e-m+fp/hard\libc_nano.a(lib_a-memset.o)
                              c:/st/stm32cubeide_1.7.0/stm32cubeide/plugins/com.st.stm32cube.ide.mcu.externaltools.gnu-tools-for-stm32.9-2020-q2-update.win32_2.0.0.202105311346/tools/bin/../lib/gcc/arm-none-eabi/9.3.1/../../../../arm-none-eabi/lib/thumb/v7e-m+fp/hard/crt0.o (memset)

Allocating common symbols
Common symbol       size              file

buffer              0xa               ./Src/main.o
prev                0x1               ./Src/main.o

Discarded input sections

 .text          0x0000000000000000        0x0 c:/st/stm32cubeide_1.7.0/stm32cubeide/plugins/com.st.stm32cube.ide.mcu.externaltools.gnu-tools-for-stm32.9-2020-q2-update.win32_2.0.0.202105311346/tools/bin/../lib/gcc/arm-none-eabi/9.3.1/thumb/v7e-m+fp/hard/crti.o
 .data          0x0000000000000000        0x0 c:/st/stm32cubeide_1.7.0/stm32cubeide/plugins/com.st.stm32cube.ide.mcu.externaltools.gnu-tools-for-stm32.9-2020-q2-update.win32_2.0.0.202105311346/tools/bin/../lib/gcc/arm-none-eabi/9.3.1/thumb/v7e-m+fp/hard/crti.o
 .bss           0x0000000000000000        0x0 c:/st/stm32cubeide_1.7.0/stm32cubeide/plugins/com.st.stm32cube.ide.mcu.externaltools.gnu-tools-for-stm32.9-2020-q2-update.win32_2.0.0.202105311346/tools/bin/../lib/gcc/arm-none-eabi/9.3.1/thumb/v7e-m+fp/hard/crti.o
 .data          0x0000000000000000        0x4 c:/st/stm32cubeide_1.7.0/stm32cubeide/plugins/com.st.stm32cube.ide.mcu.externaltools.gnu-tools-for-stm32.9-2020-q2-update.win32_2.0.0.202105311346/tools/bin/../lib/gcc/arm-none-eabi/9.3.1/thumb/v7e-m+fp/hard/crtbegin.o
 .text          0x0000000000000000       0x7c c:/st/stm32cubeide_1.7.0/stm32cubeide/plugins/com.st.stm32cube.ide.mcu.externaltools.gnu-tools-for-stm32.9-2020-q2-update.win32_2.0.0.202105311346/tools/bin/../lib/gcc/arm-none-eabi/9.3.1/../../../../arm-none-eabi/lib/thumb/v7e-m+fp/hard/crt0.o
 .data          0x0000000000000000        0x0 c:/st/stm32cubeide_1.7.0/stm32cubeide/plugins/com.st.stm32cube.ide.mcu.externaltools.gnu-tools-for-stm32.9-2020-q2-update.win32_2.0.0.202105311346/tools/bin/../lib/gcc/arm-none-eabi/9.3.1/../../../../arm-none-eabi/lib/thumb/v7e-m+fp/hard/crt0.o
 .bss           0x0000000000000000        0x0 c:/st/stm32cubeide_1.7.0/stm32cubeide/plugins/com.st.stm32cube.ide.mcu.externaltools.gnu-tools-for-stm32.9-2020-q2-update.win32_2.0.0.202105311346/tools/bin/../lib/gcc/arm-none-eabi/9.3.1/../../../../arm-none-eabi/lib/thumb/v7e-m+fp/hard/crt0.o
[...]
Memory Configuration

Name             Origin             Length             Attributes
FLASH            0x0000000008000000 0x0000000000010000 xr
CCMRAM           0x0000000010000000 0x0000000000001000 xrw
RAM              0x0000000020000000 0x0000000000003000 xrw
*default*        0x0000000000000000 0xffffffffffffffff

Linker script and memory map

LOAD c:/st/stm32cubeide_1.7.0/stm32cubeide/plugins/com.st.stm32cube.ide.mcu.externaltools.gnu-tools-for-stm32.9-2020-q2-update.win32_2.0.0.202105311346/tools/bin/../lib/gcc/arm-none-eabi/9.3.1/thumb/v7e-m+fp/hard/crti.o
LOAD c:/st/stm32cubeide_1.7.0/stm32cubeide/plugins/com.st.stm32cube.ide.mcu.externaltools.gnu-tools-for-stm32.9-2020-q2-update.win32_2.0.0.202105311346/tools/bin/../lib/gcc/arm-none-eabi/9.3.1/thumb/v7e-m+fp/hard/crtbegin.o
LOAD c:/st/stm32cubeide_1.7.0/stm32cubeide/plugins/com.st.stm32cube.ide.mcu.externaltools.gnu-tools-for-stm32.9-2020-q2-update.win32_2.0.0.202105311346/tools/bin/../lib/gcc/arm-none-eabi/9.3.1/../../../../arm-none-eabi/lib/thumb/v7e-m+fp/hard/crt0.o
LOAD ./Drivers/STM32F3xx_HAL_Driver/Src/stm32f3xx_ll_dma.o
LOAD ./Drivers/STM32F3xx_HAL_Driver/Src/stm32f3xx_ll_exti.o
LOAD ./Drivers/STM32F3xx_HAL_Driver/Src/stm32f3xx_ll_gpio.o
LOAD ./Drivers/STM32F3xx_HAL_Driver/Src/stm32f3xx_ll_rcc.o
LOAD ./Drivers/STM32F3xx_HAL_Driver/Src/stm32f3xx_ll_usart.o
LOAD ./Drivers/STM32F3xx_HAL_Driver/Src/stm32f3xx_ll_utils.o
LOAD ./Src/gpio.o
LOAD ./Src/main.o
LOAD ./Src/stm32f3xx_it.o
LOAD ./Src/syscalls.o
LOAD ./Src/sysmem.o
LOAD ./Src/system_stm32f3xx.o
LOAD ./Src/usart.o
LOAD ./Startup/startup_stm32f303k8tx.o
START GROUP
LOAD c:/st/stm32cubeide_1.7.0/stm32cubeide/plugins/com.st.stm32cube.ide.mcu.externaltools.gnu-tools-for-stm32.9-2020-q2-update.win32_2.0.0.202105311346/tools/bin/../lib/gcc/arm-none-eabi/9.3.1/../../../../arm-none-eabi/lib/thumb/v7e-m+fp/hard\libc_nano.a
LOAD c:/st/stm32cubeide_1.7.0/stm32cubeide/plugins/com.st.stm32cube.ide.mcu.externaltools.gnu-tools-for-stm32.9-2020-q2-update.win32_2.0.0.202105311346/tools/bin/../lib/gcc/arm-none-eabi/9.3.1/../../../../arm-none-eabi/lib/thumb/v7e-m+fp/hard\libm.a
END GROUP
START GROUP
LOAD c:/st/stm32cubeide_1.7.0/stm32cubeide/plugins/com.st.stm32cube.ide.mcu.externaltools.gnu-tools-for-stm32.9-2020-q2-update.win32_2.0.0.202105311346/tools/bin/../lib/gcc/arm-none-eabi/9.3.1/thumb/v7e-m+fp/hard\libgcc.a
LOAD c:/st/stm32cubeide_1.7.0/stm32cubeide/plugins/com.st.stm32cube.ide.mcu.externaltools.gnu-tools-for-stm32.9-2020-q2-update.win32_2.0.0.202105311346/tools/bin/../lib/gcc/arm-none-eabi/9.3.1/../../../../arm-none-eabi/lib/thumb/v7e-m+fp/hard\libc_nano.a
END GROUP
START GROUP
LOAD c:/st/stm32cubeide_1.7.0/stm32cubeide/plugins/com.st.stm32cube.ide.mcu.externaltools.gnu-tools-for-stm32.9-2020-q2-update.win32_2.0.0.202105311346/tools/bin/../lib/gcc/arm-none-eabi/9.3.1/thumb/v7e-m+fp/hard\libgcc.a
LOAD c:/st/stm32cubeide_1.7.0/stm32cubeide/plugins/com.st.stm32cube.ide.mcu.externaltools.gnu-tools-for-stm32.9-2020-q2-update.win32_2.0.0.202105311346/tools/bin/../lib/gcc/arm-none-eabi/9.3.1/../../../../arm-none-eabi/lib/thumb/v7e-m+fp/hard\libc_nano.a
LOAD c:/st/stm32cubeide_1.7.0/stm32cubeide/plugins/com.st.stm32cube.ide.mcu.externaltools.gnu-tools-for-stm32.9-2020-q2-update.win32_2.0.0.202105311346/tools/bin/../lib/gcc/arm-none-eabi/9.3.1/../../../../arm-none-eabi/lib/thumb/v7e-m+fp/hard\libnosys.a
END GROUP
START GROUP
LOAD c:/st/stm32cubeide_1.7.0/stm32cubeide/plugins/com.st.stm32cube.ide.mcu.externaltools.gnu-tools-for-stm32.9-2020-q2-update.win32_2.0.0.202105311346/tools/bin/../lib/gcc/arm-none-eabi/9.3.1/thumb/v7e-m+fp/hard\libgcc.a
LOAD c:/st/stm32cubeide_1.7.0/stm32cubeide/plugins/com.st.stm32cube.ide.mcu.externaltools.gnu-tools-for-stm32.9-2020-q2-update.win32_2.0.0.202105311346/tools/bin/../lib/gcc/arm-none-eabi/9.3.1/../../../../arm-none-eabi/lib/thumb/v7e-m+fp/hard\libc_nano.a
LOAD c:/st/stm32cubeide_1.7.0/stm32cubeide/plugins/com.st.stm32cube.ide.mcu.externaltools.gnu-tools-for-stm32.9-2020-q2-update.win32_2.0.0.202105311346/tools/bin/../lib/gcc/arm-none-eabi/9.3.1/../../../../arm-none-eabi/lib/thumb/v7e-m+fp/hard\libnosys.a
END GROUP
LOAD c:/st/stm32cubeide_1.7.0/stm32cubeide/plugins/com.st.stm32cube.ide.mcu.externaltools.gnu-tools-for-stm32.9-2020-q2-update.win32_2.0.0.202105311346/tools/bin/../lib/gcc/arm-none-eabi/9.3.1/thumb/v7e-m+fp/hard/crtend.o
LOAD c:/st/stm32cubeide_1.7.0/stm32cubeide/plugins/com.st.stm32cube.ide.mcu.externaltools.gnu-tools-for-stm32.9-2020-q2-update.win32_2.0.0.202105311346/tools/bin/../lib/gcc/arm-none-eabi/9.3.1/thumb/v7e-m+fp/hard/crtn.o
                0x0000000020003000                _estack = 0x20003000
                0x0000000000000200                _Min_Heap_Size = 0x200
                0x0000000000000400                _Min_Stack_Size = 0x400

.isr_vector     0x0000000008000000      0x188
                0x0000000008000000                . = ALIGN (0x4)
 *(.isr_vector)
 .isr_vector    0x0000000008000000      0x188 ./Startup/startup_stm32f303k8tx.o
                0x0000000008000000                g_pfnVectors
                0x0000000008000188                . = ALIGN (0x4)

.text           0x0000000008000188     0x1310
                0x0000000008000188                . = ALIGN (0x4)
 *(.text)
 .text          0x0000000008000188       0x40 c:/st/stm32cubeide_1.7.0/stm32cubeide/plugins/com.st.stm32cube.ide.mcu.externaltools.gnu-tools-for-stm32.9-2020-q2-update.win32_2.0.0.202105311346/tools/bin/../lib/gcc/arm-none-eabi/9.3.1/thumb/v7e-m+fp/hard/crtbegin.o
 *(.text*)
 .text.LL_GPIO_SetPinMode
                0x00000000080001c8       0x5a ./Drivers/STM32F3xx_HAL_Driver/Src/stm32f3xx_ll_gpio.o
 .text.LL_GPIO_SetPinOutputType
                0x0000000008000222       0x30 ./Drivers/STM32F3xx_HAL_Driver/Src/stm32f3xx_ll_gpio.o
 .text.LL_GPIO_SetPinSpeed
                0x0000000008000252       0x5a ./Drivers/STM32F3xx_HAL_Driver/Src/stm32f3xx_ll_gpio.o
 .text.LL_GPIO_SetPinPull
                0x00000000080002ac       0x5a ./Drivers/STM32F3xx_HAL_Driver/Src/stm32f3xx_ll_gpio.o
 .text.LL_GPIO_SetAFPin_0_7
                0x0000000008000306       0x5a ./Drivers/STM32F3xx_HAL_Driver/Src/stm32f3xx_ll_gpio.o
 .text.LL_GPIO_SetAFPin_8_15
                0x0000000008000360       0x5e ./Drivers/STM32F3xx_HAL_Driver/Src/stm32f3xx_ll_gpio.o
 .text.LL_GPIO_Init
                0x00000000080003be       0xf4 ./Drivers/STM32F3xx_HAL_Driver/Src/stm32f3xx_ll_gpio.o
                0x00000000080003be                LL_GPIO_Init
 *fill*         0x00000000080004b2        0x2 
 .text.LL_RCC_HSI_IsReady
                0x00000000080004b4       0x24 ./Drivers/STM32F3xx_HAL_Driver/Src/stm32f3xx_ll_rcc.o
 .text.LL_RCC_LSE_IsReady
                0x00000000080004d8       0x24 ./Drivers/STM32F3xx_HAL_Driver/Src/stm32f3xx_ll_rcc.o
 .text.LL_RCC_GetSysClkSource
                0x00000000080004fc       0x1c ./Drivers/STM32F3xx_HAL_Driver/Src/stm32f3xx_ll_rcc.o
 .text.LL_RCC_GetAHBPrescaler
                0x0000000008000518       0x1c ./Drivers/STM32F3xx_HAL_Driver/Src/stm32f3xx_ll_rcc.o
 .text.LL_RCC_GetAPB1Prescaler
                0x0000000008000534       0x1c ./Drivers/STM32F3xx_HAL_Driver/Src/stm32f3xx_ll_rcc.o
 .text.LL_RCC_GetAPB2Prescaler
                0x0000000008000550       0x1c ./Drivers/STM32F3xx_HAL_Driver/Src/stm32f3xx_ll_rcc.o
 .text.LL_RCC_GetUSARTClockSource
                0x000000000800056c       0x2c ./Drivers/STM32F3xx_HAL_Driver/Src/stm32f3xx_ll_rcc.o
 .text.LL_RCC_PLL_GetMainSource
                0x0000000008000598       0x1c ./Drivers/STM32F3xx_HAL_Driver/Src/stm32f3xx_ll_rcc.o
 .text.LL_RCC_PLL_GetMultiplicator
                0x00000000080005b4       0x1c ./Drivers/STM32F3xx_HAL_Driver/Src/stm32f3xx_ll_rcc.o
 .text.LL_RCC_PLL_GetPrediv
                0x00000000080005d0       0x1c ./Drivers/STM32F3xx_HAL_Driver/Src/stm32f3xx_ll_rcc.o
 .text.LL_RCC_GetSystemClocksFreq
                0x00000000080005ec       0x4a ./Drivers/STM32F3xx_HAL_Driver/Src/stm32f3xx_ll_rcc.o
                0x00000000080005ec                LL_RCC_GetSystemClocksFreq
 *fill*         0x0000000008000636        0x2 
 .text.LL_RCC_GetUSARTClockFreq
                0x0000000008000638       0x88 ./Drivers/STM32F3xx_HAL_Driver/Src/stm32f3xx_ll_rcc.o
                0x0000000008000638                LL_RCC_GetUSARTClockFreq
 .text.RCC_GetSystemClockFreq
                0x00000000080006c0       0x4c ./Drivers/STM32F3xx_HAL_Driver/Src/stm32f3xx_ll_rcc.o
                0x00000000080006c0                RCC_GetSystemClockFreq
 .text.RCC_GetHCLKClockFreq
                0x000000000800070c       0x2c ./Drivers/STM32F3xx_HAL_Driver/Src/stm32f3xx_ll_rcc.o
                0x000000000800070c                RCC_GetHCLKClockFreq
 .text.RCC_GetPCLK1ClockFreq
                0x0000000008000738       0x28 ./Drivers/STM32F3xx_HAL_Driver/Src/stm32f3xx_ll_rcc.o
                0x0000000008000738                RCC_GetPCLK1ClockFreq
 .text.RCC_GetPCLK2ClockFreq
                0x0000000008000760       0x28 ./Drivers/STM32F3xx_HAL_Driver/Src/stm32f3xx_ll_rcc.o
                0x0000000008000760                RCC_GetPCLK2ClockFreq
 .text.RCC_PLL_GetFreqDomain_SYS
                0x0000000008000788       0x7c ./Drivers/STM32F3xx_HAL_Driver/Src/stm32f3xx_ll_rcc.o
                0x0000000008000788                RCC_PLL_GetFreqDomain_SYS
 .text.LL_USART_IsEnabled
                0x0000000008000804       0x26 ./Drivers/STM32F3xx_HAL_Driver/Src/stm32f3xx_ll_usart.o
 .text.LL_USART_SetStopBitsLength
                0x000000000800082a       0x26 ./Drivers/STM32F3xx_HAL_Driver/Src/stm32f3xx_ll_usart.o
 .text.LL_USART_SetHWFlowCtrl
                0x0000000008000850       0x26 ./Drivers/STM32F3xx_HAL_Driver/Src/stm32f3xx_ll_usart.o
 .text.LL_USART_SetBaudRate
                0x0000000008000876       0x64 ./Drivers/STM32F3xx_HAL_Driver/Src/stm32f3xx_ll_usart.o
 *fill*         0x00000000080008da        0x2 
 .text.LL_USART_Init
                0x00000000080008dc       0xd8 ./Drivers/STM32F3xx_HAL_Driver/Src/stm32f3xx_ll_usart.o
                0x00000000080008dc                LL_USART_Init
 .text.LL_InitTick
                0x00000000080009b4       0x34 ./Drivers/STM32F3xx_HAL_Driver/Src/stm32f3xx_ll_utils.o
 .text.LL_Init1msTick
                0x00000000080009e8       0x1a ./Drivers/STM32F3xx_HAL_Driver/Src/stm32f3xx_ll_utils.o
                0x00000000080009e8                LL_Init1msTick
 *fill*         0x0000000008000a02        0x2 
 .text.LL_mDelay
                0x0000000008000a04       0x4c ./Drivers/STM32F3xx_HAL_Driver/Src/stm32f3xx_ll_utils.o
                0x0000000008000a04                LL_mDelay
 .text.LL_SetSystemCoreClock
                0x0000000008000a50       0x20 ./Drivers/STM32F3xx_HAL_Driver/Src/stm32f3xx_ll_utils.o
                0x0000000008000a50                LL_SetSystemCoreClock
 .text.LL_AHB1_GRP1_EnableClock
                0x0000000008000a70       0x30 ./Src/gpio.o
 .text.LL_GPIO_ResetOutputPin
                0x0000000008000aa0       0x1c ./Src/gpio.o
 .text.MX_GPIO_Init
                0x0000000008000abc       0x5c ./Src/gpio.o
                0x0000000008000abc                MX_GPIO_Init
 .text.NVIC_SetPriorityGrouping
                0x0000000008000b18       0x48 ./Src/main.o
 .text.LL_RCC_HSI_Enable
                0x0000000008000b60       0x20 ./Src/main.o
 .text.LL_RCC_HSI_IsReady
                0x0000000008000b80       0x24 ./Src/main.o
 .text.LL_RCC_HSI_SetCalibTrimming
                0x0000000008000ba4       0x2c ./Src/main.o
 .text.LL_RCC_SetSysClkSource
                0x0000000008000bd0       0x28 ./Src/main.o
 .text.LL_RCC_GetSysClkSource
                0x0000000008000bf8       0x1c ./Src/main.o
 .text.LL_RCC_SetAHBPrescaler
                0x0000000008000c14       0x28 ./Src/main.o
 .text.LL_RCC_SetAPB1Prescaler
                0x0000000008000c3c       0x28 ./Src/main.o
 .text.LL_RCC_SetAPB2Prescaler
                0x0000000008000c64       0x28 ./Src/main.o
 .text.LL_APB1_GRP1_EnableClock
                0x0000000008000c8c       0x30 ./Src/main.o
 .text.LL_APB2_GRP1_EnableClock
                0x0000000008000cbc       0x30 ./Src/main.o
 .text.LL_FLASH_SetLatency
                0x0000000008000cec       0x28 ./Src/main.o
 .text.LL_FLASH_GetLatency
                0x0000000008000d14       0x1c ./Src/main.o
 .text.LL_SYSTICK_SetClkSource
                0x0000000008000d30       0x38 ./Src/main.o
 .text.LL_USART_TransmitData8
                0x0000000008000d68       0x20 ./Src/main.o
 .text.LL_GPIO_SetOutputPin
                0x0000000008000d88       0x1c ./Src/main.o
 .text.LL_GPIO_ResetOutputPin
                0x0000000008000da4       0x1c ./Src/main.o
 .text.main     0x0000000008000dc0       0x74 ./Src/main.o
                0x0000000008000dc0                main
 .text.SystemClock_Config
                0x0000000008000e34       0x6c ./Src/main.o
                0x0000000008000e34                SystemClock_Config
 .text.process_serial_data
                0x0000000008000ea0       0xcc ./Src/main.o
                0x0000000008000ea0                process_serial_data
 .text.Error_Handler
                0x0000000008000f6c        0xe ./Src/main.o
                0x0000000008000f6c                Error_Handler
 .text.LL_USART_IsActiveFlag_RXNE
                0x0000000008000f7a       0x26 ./Src/stm32f3xx_it.o
 .text.LL_USART_ReceiveData8
                0x0000000008000fa0       0x1c ./Src/stm32f3xx_it.o
 .text.NMI_Handler
                0x0000000008000fbc        0xe ./Src/stm32f3xx_it.o
                0x0000000008000fbc                NMI_Handler
 .text.HardFault_Handler
                0x0000000008000fca        0x6 ./Src/stm32f3xx_it.o
                0x0000000008000fca                HardFault_Handler
 .text.MemManage_Handler
                0x0000000008000fd0        0x6 ./Src/stm32f3xx_it.o
                0x0000000008000fd0                MemManage_Handler
 .text.BusFault_Handler
                0x0000000008000fd6        0x6 ./Src/stm32f3xx_it.o
                0x0000000008000fd6                BusFault_Handler
 .text.UsageFault_Handler
                0x0000000008000fdc        0x6 ./Src/stm32f3xx_it.o
                0x0000000008000fdc                UsageFault_Handler
 .text.SVC_Handler
                0x0000000008000fe2        0xe ./Src/stm32f3xx_it.o
                0x0000000008000fe2                SVC_Handler
 .text.DebugMon_Handler
                0x0000000008000ff0        0xe ./Src/stm32f3xx_it.o
                0x0000000008000ff0                DebugMon_Handler
 .text.PendSV_Handler
                0x0000000008000ffe        0xe ./Src/stm32f3xx_it.o
                0x0000000008000ffe                PendSV_Handler
 .text.SysTick_Handler
                0x000000000800100c        0xe ./Src/stm32f3xx_it.o
                0x000000000800100c                SysTick_Handler
 *fill*         0x000000000800101a        0x2 
 .text.USART2_IRQHandler
                0x000000000800101c       0x28 ./Src/stm32f3xx_it.o
                0x000000000800101c                USART2_IRQHandler
 .text.SystemInit
                0x0000000008001044       0x94 ./Src/system_stm32f3xx.o
                0x0000000008001044                SystemInit
 .text.NVIC_GetPriorityGrouping
                0x00000000080010d8       0x1c ./Src/usart.o
 .text.NVIC_EnableIRQ
                0x00000000080010f4       0x34 ./Src/usart.o
 .text.NVIC_SetPriority
                0x0000000008001128       0x54 ./Src/usart.o
 .text.NVIC_EncodePriority
                0x000000000800117c       0x66 ./Src/usart.o
 *fill*         0x00000000080011e2        0x2 
 .text.LL_AHB1_GRP1_EnableClock
                0x00000000080011e4       0x30 ./Src/usart.o
 .text.LL_APB1_GRP1_EnableClock
                0x0000000008001214       0x30 ./Src/usart.o
 .text.LL_USART_Enable
                0x0000000008001244       0x20 ./Src/usart.o
 .text.LL_USART_ConfigAsyncMode
                0x0000000008001264       0x2c ./Src/usart.o
 .text.LL_USART_EnableIT_RXNE
                0x0000000008001290       0x20 ./Src/usart.o
 .text.LL_USART_DisableIT_CTS
                0x00000000080012b0       0x20 ./Src/usart.o
 .text.USART2_RegisterCallback
                0x00000000080012d0       0x20 ./Src/usart.o
                0x00000000080012d0                USART2_RegisterCallback
 .text.MX_USART2_UART_Init
                0x00000000080012f0       0xcc ./Src/usart.o
                0x00000000080012f0                MX_USART2_UART_Init
 .text.rx_usart2
                0x00000000080013bc       0x28 ./Src/usart.o
                0x00000000080013bc                rx_usart2
 .text.Reset_Handler
                0x00000000080013e4       0x50 ./Startup/startup_stm32f303k8tx.o
                0x00000000080013e4                Reset_Handler
 .text.Default_Handler
                0x0000000008001434        0x2 ./Startup/startup_stm32f303k8tx.o
                0x0000000008001434                RTC_Alarm_IRQHandler
                0x0000000008001434                TIM1_CC_IRQHandler
                0x0000000008001434                PVD_IRQHandler
                0x0000000008001434                TAMP_STAMP_IRQHandler
                0x0000000008001434                EXTI3_IRQHandler
                0x0000000008001434                EXTI0_IRQHandler
                0x0000000008001434                FPU_IRQHandler
                0x0000000008001434                CAN_TX_IRQHandler
                0x0000000008001434                TIM1_UP_TIM16_IRQHandler
                0x0000000008001434                ADC1_2_IRQHandler
                0x0000000008001434                SPI1_IRQHandler
                0x0000000008001434                CAN_SCE_IRQHandler
                0x0000000008001434                DMA1_Channel4_IRQHandler
                0x0000000008001434                USART3_IRQHandler
                0x0000000008001434                DMA1_Channel7_IRQHandler
                0x0000000008001434                TIM7_DAC2_IRQHandler
                0x0000000008001434                CAN_RX1_IRQHandler
                0x0000000008001434                I2C1_EV_IRQHandler
                0x0000000008001434                DMA1_Channel6_IRQHandler
                0x0000000008001434                TIM3_IRQHandler
                0x0000000008001434                RCC_IRQHandler
                0x0000000008001434                DMA1_Channel1_IRQHandler
                0x0000000008001434                Default_Handler
                0x0000000008001434                EXTI15_10_IRQHandler
                0x0000000008001434                COMP2_IRQHandler
                0x0000000008001434                TIM6_DAC1_IRQHandler
                0x0000000008001434                EXTI9_5_IRQHandler
                0x0000000008001434                RTC_WKUP_IRQHandler
                0x0000000008001434                DMA1_Channel5_IRQHandler
                0x0000000008001434                EXTI4_IRQHandler
                0x0000000008001434                TIM1_TRG_COM_TIM17_IRQHandler
                0x0000000008001434                DMA1_Channel3_IRQHandler
                0x0000000008001434                WWDG_IRQHandler
                0x0000000008001434                TIM2_IRQHandler
                0x0000000008001434                EXTI1_IRQHandler
                0x0000000008001434                COMP4_6_IRQHandler
                0x0000000008001434                DMA1_Channel2_IRQHandler
                0x0000000008001434                FLASH_IRQHandler
                0x0000000008001434                USART1_IRQHandler
                0x0000000008001434                CAN_RX0_IRQHandler
                0x0000000008001434                I2C1_ER_IRQHandler
                0x0000000008001434                EXTI2_TSC_IRQHandler
                0x0000000008001434                TIM1_BRK_TIM15_IRQHandler
 *fill*         0x0000000008001436        0x2 
 .text.__libc_init_array
                0x0000000008001438       0x48 c:/st/stm32cubeide_1.7.0/stm32cubeide/plugins/com.st.stm32cube.ide.mcu.externaltools.gnu-tools-for-stm32.9-2020-q2-update.win32_2.0.0.202105311346/tools/bin/../lib/gcc/arm-none-eabi/9.3.1/../../../../arm-none-eabi/lib/thumb/v7e-m+fp/hard\libc_nano.a(lib_a-init.o)
                0x0000000008001438                __libc_init_array
 *(.glue_7)
 .glue_7        0x0000000008001480        0x0 linker stubs
 *(.glue_7t)
 .glue_7t       0x0000000008001480        0x0 linker stubs
 *(.eh_frame)
 .eh_frame      0x0000000008001480        0x0 c:/st/stm32cubeide_1.7.0/stm32cubeide/plugins/com.st.stm32cube.ide.mcu.externaltools.gnu-tools-for-stm32.9-2020-q2-update.win32_2.0.0.202105311346/tools/bin/../lib/gcc/arm-none-eabi/9.3.1/thumb/v7e-m+fp/hard/crtbegin.o
 *(.init)
 .init          0x0000000008001480        0x4 c:/st/stm32cubeide_1.7.0/stm32cubeide/plugins/com.st.stm32cube.ide.mcu.externaltools.gnu-tools-for-stm32.9-2020-q2-update.win32_2.0.0.202105311346/tools/bin/../lib/gcc/arm-none-eabi/9.3.1/thumb/v7e-m+fp/hard/crti.o
                0x0000000008001480                _init
 .init          0x0000000008001484        0x8 c:/st/stm32cubeide_1.7.0/stm32cubeide/plugins/com.st.stm32cube.ide.mcu.externaltools.gnu-tools-for-stm32.9-2020-q2-update.win32_2.0.0.202105311346/tools/bin/../lib/gcc/arm-none-eabi/9.3.1/thumb/v7e-m+fp/hard/crtn.o
 *(.fini)
 .fini          0x000000000800148c        0x4 c:/st/stm32cubeide_1.7.0/stm32cubeide/plugins/com.st.stm32cube.ide.mcu.externaltools.gnu-tools-for-stm32.9-2020-q2-update.win32_2.0.0.202105311346/tools/bin/../lib/gcc/arm-none-eabi/9.3.1/thumb/v7e-m+fp/hard/crti.o
                0x000000000800148c                _fini
 .fini          0x0000000008001490        0x8 c:/st/stm32cubeide_1.7.0/stm32cubeide/plugins/com.st.stm32cube.ide.mcu.externaltools.gnu-tools-for-stm32.9-2020-q2-update.win32_2.0.0.202105311346/tools/bin/../lib/gcc/arm-none-eabi/9.3.1/thumb/v7e-m+fp/hard/crtn.o
                0x0000000008001498                . = ALIGN (0x4)
                0x0000000008001498                _etext = .

.vfp11_veneer   0x0000000008001498        0x0
 .vfp11_veneer  0x0000000008001498        0x0 linker stubs

.v4_bx          0x0000000008001498        0x0
 .v4_bx         0x0000000008001498        0x0 linker stubs

.iplt           0x0000000008001498        0x0
 .iplt          0x0000000008001498        0x0 c:/st/stm32cubeide_1.7.0/stm32cubeide/plugins/com.st.stm32cube.ide.mcu.externaltools.gnu-tools-for-stm32.9-2020-q2-update.win32_2.0.0.202105311346/tools/bin/../lib/gcc/arm-none-eabi/9.3.1/thumb/v7e-m+fp/hard/crtbegin.o

.rodata         0x0000000008001498       0x2c
                0x0000000008001498                . = ALIGN (0x4)
 *(.rodata)
 .rodata        0x0000000008001498       0x11 ./Src/main.o
 *(.rodata*)
 *fill*         0x00000000080014a9        0x3 
 .rodata.AHBPrescTable
                0x00000000080014ac       0x10 ./Src/system_stm32f3xx.o
                0x00000000080014ac                AHBPrescTable
 .rodata.APBPrescTable
                0x00000000080014bc        0x8 ./Src/system_stm32f3xx.o
                0x00000000080014bc                APBPrescTable
                0x00000000080014c4                . = ALIGN (0x4)

.rel.dyn        0x00000000080014c4        0x0
 .rel.iplt      0x00000000080014c4        0x0 c:/st/stm32cubeide_1.7.0/stm32cubeide/plugins/com.st.stm32cube.ide.mcu.externaltools.gnu-tools-for-stm32.9-2020-q2-update.win32_2.0.0.202105311346/tools/bin/../lib/gcc/arm-none-eabi/9.3.1/thumb/v7e-m+fp/hard/crtbegin.o

.ARM.extab      0x00000000080014c4        0x0
                0x00000000080014c4                . = ALIGN (0x4)
 *(.ARM.extab* .gnu.linkonce.armextab.*)
                0x00000000080014c4                . = ALIGN (0x4)

.ARM            0x00000000080014c4        0x0
                0x00000000080014c4                . = ALIGN (0x4)
                0x00000000080014c4                __exidx_start = .
 *(.ARM.exidx*)
                0x00000000080014c4                __exidx_end = .
                0x00000000080014c4                . = ALIGN (0x4)

.preinit_array  0x00000000080014c4        0x0
                0x00000000080014c4                . = ALIGN (0x4)
                0x00000000080014c4                PROVIDE (__preinit_array_start = .)
 *(.preinit_array*)
                0x00000000080014c4                PROVIDE (__preinit_array_end = .)
                0x00000000080014c4                . = ALIGN (0x4)

.init_array     0x00000000080014c4        0x4
                0x00000000080014c4                . = ALIGN (0x4)
                0x00000000080014c4                PROVIDE (__init_array_start = .)
 *(SORT_BY_NAME(.init_array.*))
 *(.init_array*)
 .init_array    0x00000000080014c4        0x4 c:/st/stm32cubeide_1.7.0/stm32cubeide/plugins/com.st.stm32cube.ide.mcu.externaltools.gnu-tools-for-stm32.9-2020-q2-update.win32_2.0.0.202105311346/tools/bin/../lib/gcc/arm-none-eabi/9.3.1/thumb/v7e-m+fp/hard/crtbegin.o
                0x00000000080014c8                PROVIDE (__init_array_end = .)
                0x00000000080014c8                . = ALIGN (0x4)

.fini_array     0x00000000080014c8        0x4
                0x00000000080014c8                . = ALIGN (0x4)
                [!provide]                        PROVIDE (__fini_array_start = .)
 *(SORT_BY_NAME(.fini_array.*))
 *(.fini_array*)
 .fini_array    0x00000000080014c8        0x4 c:/st/stm32cubeide_1.7.0/stm32cubeide/plugins/com.st.stm32cube.ide.mcu.externaltools.gnu-tools-for-stm32.9-2020-q2-update.win32_2.0.0.202105311346/tools/bin/../lib/gcc/arm-none-eabi/9.3.1/thumb/v7e-m+fp/hard/crtbegin.o
                [!provide]                        PROVIDE (__fini_array_end = .)
                0x00000000080014cc                . = ALIGN (0x4)
                0x00000000080014cc                _sidata = LOADADDR (.data)

.data           0x0000000020000000       0x20 load address 0x00000000080014cc
                0x0000000020000000                . = ALIGN (0x4)
                0x0000000020000000                _sdata = .
 *(.data)
 *(.data*)
 .data.led_state
                0x0000000020000000        0x9 ./Src/main.o
                0x0000000020000000                led_state
 *fill*         0x0000000020000009        0x3 
 .data.state_on
                0x000000002000000c        0x5 ./Src/main.o
                0x000000002000000c                state_on
 *fill*         0x0000000020000011        0x3 
 .data.state_off
                0x0000000020000014        0x6 ./Src/main.o
                0x0000000020000014                state_off
 *fill*         0x000000002000001a        0x2 
 .data.SystemCoreClock
                0x000000002000001c        0x4 ./Src/system_stm32f3xx.o
                0x000000002000001c                SystemCoreClock
                0x0000000020000020                . = ALIGN (0x4)
                0x0000000020000020                _edata = .

.igot.plt       0x0000000020000020        0x0 load address 0x00000000080014ec
 .igot.plt      0x0000000020000020        0x0 c:/st/stm32cubeide_1.7.0/stm32cubeide/plugins/com.st.stm32cube.ide.mcu.externaltools.gnu-tools-for-stm32.9-2020-q2-update.win32_2.0.0.202105311346/tools/bin/../lib/gcc/arm-none-eabi/9.3.1/thumb/v7e-m+fp/hard/crtbegin.o
                0x0000000020000020                . = ALIGN (0x4)

.bss            0x0000000020000020       0x24 load address 0x00000000080014ec
                0x0000000020000020                _sbss = .
                0x0000000020000020                __bss_start__ = _sbss
 *(.bss)
 .bss           0x0000000020000020       0x1c c:/st/stm32cubeide_1.7.0/stm32cubeide/plugins/com.st.stm32cube.ide.mcu.externaltools.gnu-tools-for-stm32.9-2020-q2-update.win32_2.0.0.202105311346/tools/bin/../lib/gcc/arm-none-eabi/9.3.1/thumb/v7e-m+fp/hard/crtbegin.o
 *(.bss*)
 .bss.count.9150
                0x000000002000003c        0x1 ./Src/main.o
 *fill*         0x000000002000003d        0x3 
 .bss.usart2_callback
                0x0000000020000040        0x4 ./Src/usart.o
 *(COMMON)
                0x0000000020000044                . = ALIGN (0x4)
                0x0000000020000044                _ebss = .
                0x0000000020000044                __bss_end__ = _ebss

._user_heap_stack
                0x0000000020000044      0x604 load address 0x00000000080014ec
                0x0000000020000048                . = ALIGN (0x8)
 *fill*         0x0000000020000044        0x4 
                0x0000000020000048                PROVIDE (end = .)
                [!provide]                        PROVIDE (_end = .)
                0x0000000020000248                . = (. + _Min_Heap_Size)
 *fill*         0x0000000020000048      0x200 
                0x0000000020000648                . = (. + _Min_Stack_Size)
 *fill*         0x0000000020000248      0x400 
                0x0000000020000648                . = ALIGN (0x8)

/DISCARD/
 libc.a(*)
 libm.a(*)
 libgcc.a(*)

.ARM.attributes
                0x0000000000000000       0x30
 *(.ARM.attributes)
 .ARM.attributes
                0x0000000000000000       0x1e c:/st/stm32cubeide_1.7.0/stm32cubeide/plugins/com.st.stm32cube.ide.mcu.externaltools.gnu-tools-for-stm32.9-2020-q2-update.win32_2.0.0.202105311346/tools/bin/../lib/gcc/arm-none-eabi/9.3.1/thumb/v7e-m+fp/hard/crti.o
 .ARM.attributes
                0x000000000000001e       0x34 c:/st/stm32cubeide_1.7.0/stm32cubeide/plugins/com.st.stm32cube.ide.mcu.externaltools.gnu-tools-for-stm32.9-2020-q2-update.win32_2.0.0.202105311346/tools/bin/../lib/gcc/arm-none-eabi/9.3.1/thumb/v7e-m+fp/hard/crtbegin.o
 .ARM.attributes
                0x0000000000000052       0x34 ./Drivers/STM32F3xx_HAL_Driver/Src/stm32f3xx_ll_gpio.o
 .ARM.attributes
                0x0000000000000086       0x34 ./Drivers/STM32F3xx_HAL_Driver/Src/stm32f3xx_ll_rcc.o
 .ARM.attributes
                0x00000000000000ba       0x34 ./Drivers/STM32F3xx_HAL_Driver/Src/stm32f3xx_ll_usart.o
 .ARM.attributes
                0x00000000000000ee       0x34 ./Drivers/STM32F3xx_HAL_Driver/Src/stm32f3xx_ll_utils.o
 .ARM.attributes
                0x0000000000000122       0x34 ./Src/gpio.o
 .ARM.attributes
                0x0000000000000156       0x34 ./Src/main.o
 .ARM.attributes
                0x000000000000018a       0x34 ./Src/stm32f3xx_it.o
 .ARM.attributes
                0x00000000000001be       0x34 ./Src/system_stm32f3xx.o
 .ARM.attributes
                0x00000000000001f2       0x34 ./Src/usart.o
 .ARM.attributes
                0x0000000000000226       0x21 ./Startup/startup_stm32f303k8tx.o
 .ARM.attributes
                0x0000000000000247       0x34 c:/st/stm32cubeide_1.7.0/stm32cubeide/plugins/com.st.stm32cube.ide.mcu.externaltools.gnu-tools-for-stm32.9-2020-q2-update.win32_2.0.0.202105311346/tools/bin/../lib/gcc/arm-none-eabi/9.3.1/../../../../arm-none-eabi/lib/thumb/v7e-m+fp/hard\libc_nano.a(lib_a-init.o)
 .ARM.attributes
                0x000000000000027b       0x1e c:/st/stm32cubeide_1.7.0/stm32cubeide/plugins/com.st.stm32cube.ide.mcu.externaltools.gnu-tools-for-stm32.9-2020-q2-update.win32_2.0.0.202105311346/tools/bin/../lib/gcc/arm-none-eabi/9.3.1/thumb/v7e-m+fp/hard/crtn.o
OUTPUT(vrs_cvicenie_6_UART.elf elf32-littlearm)
LOAD linker stubs
LOAD c:/st/stm32cubeide_1.7.0/stm32cubeide/plugins/com.st.stm32cube.ide.mcu.externaltools.gnu-tools-for-stm32.9-2020-q2-update.win32_2.0.0.202105311346/tools/bin/../lib/gcc/arm-none-eabi/9.3.1/../../../../arm-none-eabi/lib/thumb/v7e-m+fp/hard\libc.a
LOAD c:/st/stm32cubeide_1.7.0/stm32cubeide/plugins/com.st.stm32cube.ide.mcu.externaltools.gnu-tools-for-stm32.9-2020-q2-update.win32_2.0.0.202105311346/tools/bin/../lib/gcc/arm-none-eabi/9.3.1/../../../../arm-none-eabi/lib/thumb/v7e-m+fp/hard\libm.a
LOAD c:/st/stm32cubeide_1.7.0/stm32cubeide/plugins/com.st.stm32cube.ide.mcu.externaltools.gnu-tools-for-stm32.9-2020-q2-update.win32_2.0.0.202105311346/tools/bin/../lib/gcc/arm-none-eabi/9.3.1/thumb/v7e-m+fp/hard\libgcc.a

.debug_info     0x0000000000000000     0x48b2
 .debug_info    0x0000000000000000      0x7ce ./Drivers/STM32F3xx_HAL_Driver/Src/stm32f3xx_ll_gpio.o
 .debug_info    0x00000000000007ce      0x74c ./Drivers/STM32F3xx_HAL_Driver/Src/stm32f3xx_ll_rcc.o
 .debug_info    0x0000000000000f1a      0x729 ./Drivers/STM32F3xx_HAL_Driver/Src/stm32f3xx_ll_usart.o
 .debug_info    0x0000000000001643      0x87b ./Drivers/STM32F3xx_HAL_Driver/Src/stm32f3xx_ll_utils.o
 .debug_info    0x0000000000001ebe      0x3cb ./Src/gpio.o
 .debug_info    0x0000000000002289     0x130f ./Src/main.o
 .debug_info    0x0000000000003598      0x342 ./Src/stm32f3xx_it.o
 .debug_info    0x00000000000038da      0x439 ./Src/system_stm32f3xx.o
 .debug_info    0x0000000000003d13      0xb7d ./Src/usart.o
 .debug_info    0x0000000000004890       0x22 ./Startup/startup_stm32f303k8tx.o

.debug_abbrev   0x0000000000000000     0x1237
 .debug_abbrev  0x0000000000000000      0x23b ./Drivers/STM32F3xx_HAL_Driver/Src/stm32f3xx_ll_gpio.o
 .debug_abbrev  0x000000000000023b      0x261 ./Drivers/STM32F3xx_HAL_Driver/Src/stm32f3xx_ll_rcc.o
 .debug_abbrev  0x000000000000049c      0x1d7 ./Drivers/STM32F3xx_HAL_Driver/Src/stm32f3xx_ll_usart.o
 .debug_abbrev  0x0000000000000673      0x293 ./Drivers/STM32F3xx_HAL_Driver/Src/stm32f3xx_ll_utils.o
 .debug_abbrev  0x0000000000000906      0x17d ./Src/gpio.o
 .debug_abbrev  0x0000000000000a83      0x2d3 ./Src/main.o
 .debug_abbrev  0x0000000000000d56      0x157 ./Src/stm32f3xx_it.o
 .debug_abbrev  0x0000000000000ead      0x129 ./Src/system_stm32f3xx.o
 .debug_abbrev  0x0000000000000fd6      0x24f ./Src/usart.o
 .debug_abbrev  0x0000000000001225       0x12 ./Startup/startup_stm32f303k8tx.o

.debug_aranges  0x0000000000000000      0x520
 .debug_aranges
                0x0000000000000000       0x70 ./Drivers/STM32F3xx_HAL_Driver/Src/stm32f3xx_ll_gpio.o
 .debug_aranges
                0x0000000000000070      0x100 ./Drivers/STM32F3xx_HAL_Driver/Src/stm32f3xx_ll_rcc.o
 .debug_aranges
                0x0000000000000170       0x88 ./Drivers/STM32F3xx_HAL_Driver/Src/stm32f3xx_ll_usart.o
 .debug_aranges
                0x00000000000001f8       0xf0 ./Drivers/STM32F3xx_HAL_Driver/Src/stm32f3xx_ll_utils.o
 .debug_aranges
                0x00000000000002e8       0x30 ./Src/gpio.o
 .debug_aranges
                0x0000000000000318       0xc0 ./Src/main.o
 .debug_aranges
                0x00000000000003d8       0x78 ./Src/stm32f3xx_it.o
 .debug_aranges
                0x0000000000000450       0x28 ./Src/system_stm32f3xx.o
 .debug_aranges
                0x0000000000000478       0x80 ./Src/usart.o
 .debug_aranges
                0x00000000000004f8       0x28 ./Startup/startup_stm32f303k8tx.o

.debug_ranges   0x0000000000000000      0x488
 .debug_ranges  0x0000000000000000       0x60 ./Drivers/STM32F3xx_HAL_Driver/Src/stm32f3xx_ll_gpio.o
 .debug_ranges  0x0000000000000060       0xf0 ./Drivers/STM32F3xx_HAL_Driver/Src/stm32f3xx_ll_rcc.o
 .debug_ranges  0x0000000000000150       0x78 ./Drivers/STM32F3xx_HAL_Driver/Src/stm32f3xx_ll_usart.o
 .debug_ranges  0x00000000000001c8       0xe0 ./Drivers/STM32F3xx_HAL_Driver/Src/stm32f3xx_ll_utils.o
 .debug_ranges  0x00000000000002a8       0x20 ./Src/gpio.o
 .debug_ranges  0x00000000000002c8       0xb0 ./Src/main.o
 .debug_ranges  0x0000000000000378       0x68 ./Src/stm32f3xx_it.o
 .debug_ranges  0x00000000000003e0       0x18 ./Src/system_stm32f3xx.o
 .debug_ranges  0x00000000000003f8       0x70 ./Src/usart.o
 .debug_ranges  0x0000000000000468       0x20 ./Startup/startup_stm32f303k8tx.o

.debug_macro    0x0000000000000000     0x2d82
 .debug_macro   0x0000000000000000      0x10c ./Drivers/STM32F3xx_HAL_Driver/Src/stm32f3xx_ll_gpio.o
 .debug_macro   0x000000000000010c      0x149 ./Drivers/STM32F3xx_HAL_Driver/Src/stm32f3xx_ll_gpio.o
 .debug_macro   0x0000000000000255       0xff ./Drivers/STM32F3xx_HAL_Driver/Src/stm32f3xx_ll_rcc.o
 .debug_macro   0x0000000000000354      0x4d1 ./Drivers/STM32F3xx_HAL_Driver/Src/stm32f3xx_ll_rcc.o
 .debug_macro   0x0000000000000825      0x13f ./Drivers/STM32F3xx_HAL_Driver/Src/stm32f3xx_ll_usart.o
 .debug_macro   0x0000000000000964      0x2f1 ./Drivers/STM32F3xx_HAL_Driver/Src/stm32f3xx_ll_usart.o
 .debug_macro   0x0000000000000c55      0x4d7 ./Drivers/STM32F3xx_HAL_Driver/Src/stm32f3xx_ll_usart.o
 .debug_macro   0x000000000000112c      0x14a ./Drivers/STM32F3xx_HAL_Driver/Src/stm32f3xx_ll_utils.o
 .debug_macro   0x0000000000001276       0x30 ./Drivers/STM32F3xx_HAL_Driver/Src/stm32f3xx_ll_utils.o
 .debug_macro   0x00000000000012a6      0x2a5 ./Drivers/STM32F3xx_HAL_Driver/Src/stm32f3xx_ll_utils.o
 .debug_macro   0x000000000000154b       0xaf ./Drivers/STM32F3xx_HAL_Driver/Src/stm32f3xx_ll_utils.o
 .debug_macro   0x00000000000015fa      0x143 ./Src/gpio.o
 .debug_macro   0x000000000000173d      0x102 ./Src/gpio.o
 .debug_macro   0x000000000000183f       0x28 ./Src/gpio.o
 .debug_macro   0x0000000000001867      0x287 ./Src/gpio.o
 .debug_macro   0x0000000000001aee      0x2f7 ./Src/gpio.o
 .debug_macro   0x0000000000001de5      0x14f ./Src/gpio.o
 .debug_macro   0x0000000000001f34       0x22 ./Src/gpio.o
 .debug_macro   0x0000000000001f56      0x224 ./Src/main.o
 .debug_macro   0x000000000000217a       0x52 ./Src/main.o
 .debug_macro   0x00000000000021cc       0x18 ./Src/main.o
 .debug_macro   0x00000000000021e4       0x3c ./Src/main.o
 .debug_macro   0x0000000000002220       0x34 ./Src/main.o
 .debug_macro   0x0000000000002254      0x174 ./Src/main.o
 .debug_macro   0x00000000000023c8       0x16 ./Src/main.o
 .debug_macro   0x00000000000023de       0x43 ./Src/main.o
 .debug_macro   0x0000000000002421       0x34 ./Src/main.o
 .debug_macro   0x0000000000002455       0x10 ./Src/main.o
 .debug_macro   0x0000000000002465       0x58 ./Src/main.o
 .debug_macro   0x00000000000024bd       0x71 ./Src/main.o
 .debug_macro   0x000000000000252e       0x1c ./Src/main.o
 .debug_macro   0x000000000000254a      0x12a ./Src/main.o
 .debug_macro   0x0000000000002674      0x339 ./Src/main.o
 .debug_macro   0x00000000000029ad       0x10 ./Src/main.o
 .debug_macro   0x00000000000029bd       0x35 ./Src/main.o
 .debug_macro   0x00000000000029f2       0x20 ./Src/main.o
 .debug_macro   0x0000000000002a12      0x151 ./Src/stm32f3xx_it.o
 .debug_macro   0x0000000000002b63       0xdc ./Src/system_stm32f3xx.o
 .debug_macro   0x0000000000002c3f      0x143 ./Src/usart.o

.debug_line     0x0000000000000000     0x4384
 .debug_line    0x0000000000000000      0x755 ./Drivers/STM32F3xx_HAL_Driver/Src/stm32f3xx_ll_gpio.o
 .debug_line    0x0000000000000755      0x909 ./Drivers/STM32F3xx_HAL_Driver/Src/stm32f3xx_ll_rcc.o
 .debug_line    0x000000000000105e      0x6de ./Drivers/STM32F3xx_HAL_Driver/Src/stm32f3xx_ll_usart.o
 .debug_line    0x000000000000173c      0x8fd ./Drivers/STM32F3xx_HAL_Driver/Src/stm32f3xx_ll_utils.o
 .debug_line    0x0000000000002039      0x5cc ./Src/gpio.o
 .debug_line    0x0000000000002605      0x9e7 ./Src/main.o
 .debug_line    0x0000000000002fec      0x6a7 ./Src/stm32f3xx_it.o
 .debug_line    0x0000000000003693      0x4fd ./Src/system_stm32f3xx.o
 .debug_line    0x0000000000003b90      0x773 ./Src/usart.o
 .debug_line    0x0000000000004303       0x81 ./Startup/startup_stm32f303k8tx.o

.debug_str      0x0000000000000000    0x70b41
 .debug_str     0x0000000000000000    0x646c8 ./Drivers/STM32F3xx_HAL_Driver/Src/stm32f3xx_ll_gpio.o
                                      0x64879 (size before relaxing)
 .debug_str     0x00000000000646c8     0x2839 ./Drivers/STM32F3xx_HAL_Driver/Src/stm32f3xx_ll_rcc.o
                                      0x65ceb (size before relaxing)
 .debug_str     0x0000000000066f01     0x1a4b ./Drivers/STM32F3xx_HAL_Driver/Src/stm32f3xx_ll_usart.o
                                      0x677ff (size before relaxing)
 .debug_str     0x000000000006894c     0x2d33 ./Drivers/STM32F3xx_HAL_Driver/Src/stm32f3xx_ll_utils.o
                                      0x6855b (size before relaxing)
 .debug_str     0x000000000006b67f     0x1922 ./Src/gpio.o
                                      0x6aea4 (size before relaxing)
 .debug_str     0x000000000006cfa1     0x35fc ./Src/main.o
                                      0x6e6aa (size before relaxing)
 .debug_str     0x000000000007059d       0xfb ./Src/stm32f3xx_it.o
                                      0x6aeb1 (size before relaxing)
 .debug_str     0x0000000000070698       0xa0 ./Src/system_stm32f3xx.o
                                      0x6355b (size before relaxing)
 .debug_str     0x0000000000070738      0x3d8 ./Src/usart.o
                                      0x6b44b (size before relaxing)
 .debug_str     0x0000000000070b10       0x31 ./Startup/startup_stm32f303k8tx.o
                                         0x97 (size before relaxing)

.comment        0x0000000000000000       0x53
 .comment       0x0000000000000000       0x53 ./Drivers/STM32F3xx_HAL_Driver/Src/stm32f3xx_ll_gpio.o
                                         0x54 (size before relaxing)
 .comment       0x0000000000000053       0x54 ./Drivers/STM32F3xx_HAL_Driver/Src/stm32f3xx_ll_rcc.o
 .comment       0x0000000000000053       0x54 ./Drivers/STM32F3xx_HAL_Driver/Src/stm32f3xx_ll_usart.o
 .comment       0x0000000000000053       0x54 ./Drivers/STM32F3xx_HAL_Driver/Src/stm32f3xx_ll_utils.o
 .comment       0x0000000000000053       0x54 ./Src/gpio.o
 .comment       0x0000000000000053       0x54 ./Src/main.o
 .comment       0x0000000000000053       0x54 ./Src/stm32f3xx_it.o
 .comment       0x0000000000000053       0x54 ./Src/system_stm32f3xx.o
 .comment       0x0000000000000053       0x54 ./Src/usart.o

.debug_frame    0x0000000000000000     0x1380
 .debug_frame   0x0000000000000000      0x1c0 ./Drivers/STM32F3xx_HAL_Driver/Src/stm32f3xx_ll_gpio.o
 .debug_frame   0x00000000000001c0      0x408 ./Drivers/STM32F3xx_HAL_Driver/Src/stm32f3xx_ll_rcc.o
 .debug_frame   0x00000000000005c8      0x238 ./Drivers/STM32F3xx_HAL_Driver/Src/stm32f3xx_ll_usart.o
 .debug_frame   0x0000000000000800      0x3dc ./Drivers/STM32F3xx_HAL_Driver/Src/stm32f3xx_ll_utils.o
 .debug_frame   0x0000000000000bdc       0x84 ./Src/gpio.o
 .debug_frame   0x0000000000000c60      0x318 ./Src/main.o
 .debug_frame   0x0000000000000f78      0x17c ./Src/stm32f3xx_it.o
 .debug_frame   0x00000000000010f4       0x58 ./Src/system_stm32f3xx.o
 .debug_frame   0x000000000000114c      0x208 ./Src/usart.o
 .debug_frame   0x0000000000001354       0x2c c:/st/stm32cubeide_1.7.0/stm32cubeide/plugins/com.st.stm32cube.ide.mcu.externaltools.gnu-tools-for-stm32.9-2020-q2-update.win32_2.0.0.202105311346/tools/bin/../lib/gcc/arm-none-eabi/9.3.1/../../../../arm-none-eabi/lib/thumb/v7e-m+fp/hard\libc_nano.a(lib_a-init.o)
